
> freesiksha-frontend@0.0.0 build
> vite build

'vite' is not recognized as an internal or external command,
operable program or batch file.
